Microchip MPLAB XC8 Compiler V2.30

Linker command line:

-W-3 --edf=C:\Program Files\Microchip\xc8\v2.30\pic\dat\en_msgs.txt -cn \
  -h+dist/default/production\ESC.X.production.sym \
  --cmf=dist/default/production\ESC.X.production.cmf -z -Q18F4550 \
  -oC:\Users\Sam\AppData\Local\Temp\skbox2 --defsym=__MPLAB_BUILD=1 \
  -Mdist/default/production/ESC.X.production.map -E1 -ver=XC8 Compiler \
  --acfsm=1493 -ASTACK=01A0h-07FFh -pstack=STACK -ACODE=00h-07FFFh \
  -ACONST=00h-07FFFh -ASMALLCONST=0800h-08FFhx120 \
  -AMEDIUMCONST=0800h-07FFFh -ACOMRAM=01h-05Fh -AABS1=00h-07FFh \
  -ABIGRAM=01h-07FFh -ARAM=060h-0FFh,0100h-01FFhx7 -ABANK0=060h-0FFh \
  -ABANK1=0100h-01FFh -ABANK2=0200h-02FFh -ABANK3=0300h-03FFh \
  -ABANK4=0400h-04FFh -ABANK5=0500h-05FFh -ABANK6=0600h-06FFh \
  -ABANK7=0700h-07FFh -ASFR=0F60h-0FFFh -ACONFIG=0300000h-030000Dh \
  -AIDLOC=0200000h-0200007h -AEEDATA=0F00000h-0F000FFh -peeprom_data=EEDATA \
  -preset_vec=00h,intcode=08h,intcodelo,powerup,init -pramtop=0800h \
  -psmallconst=SMALLCONST -pmediumconst=MEDIUMCONST -pconst=CONST \
  -AFARRAM=00h-00h \
  -prdata=COMRAM,nvrram=COMRAM,nvbit=COMRAM,rbss=COMRAM,rbit=COMRAM \
  -pfarbss=FARRAM,fardata=FARRAM,nvFARRAM=FARRAM \
  -pintsave_regs=BIGRAM,bigbss=BIGRAM,bigdata=BIGRAM -pbss=RAM \
  -pidata=CODE,irdata=CODE,ibigdata=CODE,ifardata=CODE -prparam=COMRAM \
  C:\Users\Sam\AppData\Local\Temp\skbox8.o \
  dist/default/production\ESC.X.production.o 

Object code version is 3.11

Machine type is 18F4550



                Name                               Link     Load   Length Selector   Space Scale
C:\Users\Sam\AppData\Local\Temp\skbox8.o
                idloc                            200000   200000        8        0       5
                config                           300000   300000        E        0       4
                init                                  E        E        4        4       0
                reset_vec                             0        0        4        0       0
dist/default/production\ESC.X.production.o
                intcode                               8        8        6        4       0
                idloc                            200000   200000        8        0       5
                config                           300000   300000        E        0       4
                temp                                 59       59        1        1       1
                smallconst                          800      800       3E      400       0
                text12                              97C      97C      134      41F       0
                text11                              DA8      DA8       B6      41F       0
                text10                              F0E      F0E       A6      41F       0
                text9                              1206     1206       1A      41F       0
                intcode_body                        83E      83E      13E      41F       0
                text7                               FB4      FB4       A4      41F       0
                text6                              1176     1176       64      41F       0
                text5                              11DA     11DA       2C      41F       0
                text4                               E5E      E5E       B0      41F       0
                text3                               CD2      CD2       D6      41F       0
                text2                               BE2      BE2       F0      41F       0
                text1                              1220     1220        E      41F       0
                text0                               AB0      AB0      132      41F       0
                cstackCOMRAM                         3B       3B       19        1       1
                cstackBANK0                          60       60       45       60       1
                dataBANK1                           100      100       A0      100       1
                dataBANK0                            C5       C5        2       60       1
                bssBANK0                             A5       A5       20       60       1
                dataCOMRAM                           54       54        5        1       1
                bssCOMRAM                             1        1       3A        1       1
                cinit                              10F8     10F8       7E      41F       0
                idataBANK1                         1058     1058       A0      41F       0
                idataBANK0                         1233     1233        2      41F       0
                idataCOMRAM                        122E     122E        5      41F       0

TOTAL           Name                               Link     Load   Length     Space
        CLASS   STACK          

        CLASS   CODE           
                intcode                               8        8        6         0
                init                                  E        E        4         0
                reset_vec                             0        0        4         0
                text12                              97C      97C      134         0
                text11                              DA8      DA8       B6         0
                text10                              F0E      F0E       A6         0
                text9                              1206     1206       1A         0
                intcode_body                        83E      83E      13E         0
                text7                               FB4      FB4       A4         0
                text6                              1176     1176       64         0
                text5                              11DA     11DA       2C         0
                text4                               E5E      E5E       B0         0
                text3                               CD2      CD2       D6         0
                text2                               BE2      BE2       F0         0
                text1                              1220     1220        E         0
                text0                               AB0      AB0      132         0
                cinit                              10F8     10F8       7E         0
                idataBANK1                         1058     1058       A0         0
                idataBANK0                         1233     1233        2         0
                idataCOMRAM                        122E     122E        5         0

        CLASS   CONST          

        CLASS   SMALLCONST     
                smallconst                          800      800       3E         0

        CLASS   MEDIUMCONST    

        CLASS   COMRAM         
                temp                                 59       59        1         1
                cstackCOMRAM                         3B       3B       19         1
                dataCOMRAM                           54       54        5         1
                bssCOMRAM                             1        1       3A         1

        CLASS   ABS1           

        CLASS   BIGRAM         

        CLASS   RAM            

        CLASS   BANK0          
                cstackBANK0                          60       60       45         1
                dataBANK0                            C5       C5        2         1
                bssBANK0                             A5       A5       20         1

        CLASS   BANK1          
                dataBANK1                           100      100       A0         1

        CLASS   BANK2          

        CLASS   BANK3          

        CLASS   BANK4          

        CLASS   BANK5          

        CLASS   BANK6          

        CLASS   BANK7          

        CLASS   SFR            

        CLASS   CONFIG         
                config                           300000   300000        E         4

        CLASS   IDLOC          
                idloc                            200000   200000        8         5

        CLASS   EEDATA         

        CLASS   FARRAM         



SEGMENTS        Name                           Load    Length   Top    Selector   Space  Class

                reset_vec                      000000  000004  000004         0       0  CODE    
                bssCOMRAM                      000001  000059  00005A         1       1  COMRAM  
                intcode                        000008  00000A  000012         4       0  CODE    
                cstackBANK0                    000060  000067  0000C7        60       1  BANK0   
                dataBANK1                      000100  0000A0  0001A0       100       1  BANK1   
                smallconst                     000800  00003E  00083E       400       0  SMALLCON
                intcode_body                   00083E  0009F7  001235       41F       0  CODE    


UNUSED ADDRESS RANGES

        Name                Unused          Largest block    Delta
        BANK0            0000C7-0000FF               39
        BANK1            0001A0-0001FF               60
        BANK2            000200-0002FF              100
        BANK3            000300-0003FF              100
        BANK4            000400-0004FF              100
        BANK5            000500-0005FF              100
        BANK6            000600-0006FF              100
        BANK7            000700-0007FF              100
        BIGRAM           00005A-00005F                6
                         0000C7-0000FF               39
                         0001A0-0007FF              660
        CODE             000004-000007                4
                         000012-0007FF              7EE
                         001235-007FFF             6DCB
        COMRAM           00005A-00005F                6
        CONST            000004-000007                4
                         000012-0007FF              7EE
                         001235-007FFF             6DCB
        EEDATA           F00000-F000FF              100
        MEDIUMCONST      001235-007FFF             6DCB
        RAM              0000C7-0000FF               39
                         0001A0-0007FF              100
        SFR              000F60-000FFF               A0
        SMALLCONST       001235-007FFF              100
        STACK            0001A0-0007FF              660

                                  Symbol Table

?___awmod                                 cstackCOMRAM 000041
?___lldiv                                 cstackCOMRAM 000041
USART_UART_init@fastMode                  cstackBANK0  000064
USART_UART_init@rate                      cstackBANK0  000060
USART_setBaudRate@rate                    cstackCOMRAM 00004E
_ADCON0                                   (abs)        000FC2
_ADCON0bits                               (abs)        000FC2
_ADCON1                                   (abs)        000FC1
_ADCON2                                   (abs)        000FC0
_ADRES                                    (abs)        000FC3
_CCP2CON                                  (abs)        000FBA
_CCP2CONbits                              (abs)        000FBA
_CCPR2L                                   (abs)        000FBB
_CREN                                     (abs)        007D5C
_INTCON                                   (abs)        000FF2
_INTCON2                                  (abs)        000FF1
_INTCON2bits                              (abs)        000FF1
_INTCON3                                  (abs)        000FF0
_INTCON3bits                              (abs)        000FF0
_INTCONbits                               (abs)        000FF2
_LATA                                     (abs)        000F89
_LATBbits                                 (abs)        000F8A
_LATCbits                                 (abs)        000F8B
_LATE                                     (abs)        000F8D
_OERR                                     (abs)        007D59
_PIE1bits                                 (abs)        000F9D
_PIR1bits                                 (abs)        000F9E
_PORTAbits                                (abs)        000F80
_PORTB                                    (abs)        000F81
_PORTEbits                                (abs)        000F84
_PR2                                      (abs)        000FCB
_RBPU                                     (abs)        007F8F
_RCIF                                     (abs)        007CF5
_RCONbits                                 (abs)        000FD0
_RCREG                                    (abs)        000FAE
_RCSTAbits                                (abs)        000FAB
_SPBRG                                    (abs)        000FAF
_T0CON                                    (abs)        000FD5
_T0CONbits                                (abs)        000FD5
_T1CON                                    (abs)        000FCD
_T2CON                                    (abs)        000FCA
_TMR0                                     (abs)        000FD6
_TMR1L                                    (abs)        000FCE
_TRISA                                    (abs)        000F92
_TRISB                                    (abs)        000F93
_TRISBbits                                (abs)        000F93
_TRISCbits                                (abs)        000F94
_TRISE                                    (abs)        000F96
_TXEN                                     (abs)        007D65
_TXIF                                     (abs)        007CF4
_TXREG                                    (abs)        000FAD
_TXSTAbits                                (abs)        000FAC
_USART_UART_init                          text5        0011DA
_USART_setBaudRate                        text6        001176
_Ubuff                                    bssBANK0     0000A5
__HRAM                                    (abs)        000000
__Habs1                                   abs1         000000
__Hbank0                                  bank0        000000
__Hbank1                                  bank1        000000
__Hbank2                                  bank2        000000
__Hbank3                                  bank3        000000
__Hbank4                                  bank4        000000
__Hbank5                                  bank5        000000
__Hbank6                                  bank6        000000
__Hbank7                                  bank7        000000
__Hbigbss                                 bigbss       000000
__Hbigdata                                bigdata      000000
__Hbigram                                 bigram       000000
__Hbss                                    bss          000000
__HbssBANK0                               bssBANK0     000000
__HbssCOMRAM                              bssCOMRAM    000000
__Hcinit                                  cinit        000000
__Hclrtext                                clrtext      000000
__Hcomram                                 comram       000000
__Hconfig                                 config       30000E
__Hconst                                  const        000000
__HcstackBANK0                            cstackBANK0  000000
__HcstackCOMRAM                           cstackCOMRAM 000000
__Hdata                                   data         000000
__HdataBANK0                              dataBANK0    000000
__HdataBANK1                              dataBANK1    000000
__HdataCOMRAM                             dataCOMRAM   000000
__Heeprom_data                            eeprom_data  000000
__Hfarbss                                 farbss       000000
__Hfardata                                fardata      000000
__Hibigdata                               ibigdata     000000
__Hidata                                  idata        000000
__HidataBANK0                             idataBANK0   000000
__HidataBANK1                             idataBANK1   000000
__HidataCOMRAM                            idataCOMRAM  000000
__Hidloc                                  idloc        200008
__Hifardata                               ifardata     000000
__Hinit                                   init         000012
__Hintcode                                intcode      00000E
__Hintcode_body                           intcode_body 000000
__Hintcodelo                              intcodelo    00000E
__Hintentry                               intentry     000000
__Hintret                                 intret       000000
__Hintsave_regs                           intsave_regs 000000
__Hirdata                                 irdata       000000
__Hmediumconst                            mediumconst  000000
__HnvFARRAM                               nvFARRAM     000000
__Hnvbit                                  nvbit        000000
__Hnvrram                                 nvrram       000000
__Hparam                                  rparam       000000
__Hpowerup                                powerup      00000E
__Hram                                    ram          000000
__Hramtop                                 ramtop       000800
__Hrbit                                   rbit         000000
__Hrbss                                   rbss         000000
__Hrdata                                  rdata        000000
__Hreset_vec                              reset_vec    000004
__Hrparam                                 rparam       000000
__Hsfr                                    sfr          000000
__Hsmallconst                             smallconst   00083E
__Hspace_0                                (abs)        001235
__Hspace_1                                (abs)        0001A0
__Hspace_2                                (abs)        000000
__Hspace_4                                (abs)        60000E
__Hstack                                  stack        000000
__Hstruct                                 struct       000000
__Htemp                                   temp         00005A
__Htext                                   text         000000
__Htext0                                  text0        000000
__Htext1                                  text1        000000
__Htext10                                 text10       000000
__Htext11                                 text11       000000
__Htext12                                 text12       000000
__Htext13                                 text13       000000
__Htext2                                  text2        000000
__Htext3                                  text3        000000
__Htext4                                  text4        000000
__Htext5                                  text5        000000
__Htext6                                  text6        000000
__Htext7                                  text7        000000
__Htext9                                  text9        000000
__LRAM                                    (abs)        000001
__Labs1                                   abs1         000000
__Lbank0                                  bank0        000000
__Lbank1                                  bank1        000000
__Lbank2                                  bank2        000000
__Lbank3                                  bank3        000000
__Lbank4                                  bank4        000000
__Lbank5                                  bank5        000000
__Lbank6                                  bank6        000000
__Lbank7                                  bank7        000000
__Lbigbss                                 bigbss       000000
__Lbigdata                                bigdata      000000
__Lbigram                                 bigram       000000
__Lbss                                    bss          000000
__LbssBANK0                               bssBANK0     000000
__LbssCOMRAM                              bssCOMRAM    000000
__Lcinit                                  cinit        000000
__Lclrtext                                clrtext      000000
__Lcomram                                 comram       000000
__Lconfig                                 config       000000
__Lconst                                  const        000000
__LcstackBANK0                            cstackBANK0  000000
__LcstackCOMRAM                           cstackCOMRAM 000000
__Ldata                                   data         000000
__LdataBANK0                              dataBANK0    000000
__LdataBANK1                              dataBANK1    000000
__LdataCOMRAM                             dataCOMRAM   000000
__Leeprom_data                            eeprom_data  000000
__Lfarbss                                 farbss       000000
__Lfardata                                fardata      000000
__Libigdata                               ibigdata     000000
__Lidata                                  idata        000000
__LidataBANK0                             idataBANK0   000000
__LidataBANK1                             idataBANK1   000000
__LidataCOMRAM                            idataCOMRAM  000000
__Lidloc                                  idloc        000000
__Lifardata                               ifardata     000000
__Linit                                   init         00000E
__Lintcode                                intcode      000008
__Lintcode_body                           intcode_body 000000
__Lintcodelo                              intcodelo    00000E
__Lintentry                               intentry     000000
__Lintret                                 intret       000000
__Lintsave_regs                           intsave_regs 000000
__Lirdata                                 irdata       000000
__Lmediumconst                            mediumconst  000000
__LnvFARRAM                               nvFARRAM     000000
__Lnvbit                                  nvbit        000000
__Lnvrram                                 nvrram       000000
__Lparam                                  rparam       000000
__Lpowerup                                powerup      00000E
__Lram                                    ram          000000
__Lramtop                                 ramtop       000800
__Lrbit                                   rbit         000000
__Lrbss                                   rbss         000000
__Lrdata                                  rdata        000000
__Lreset_vec                              reset_vec    000000
__Lrparam                                 rparam       000000
__Lsfr                                    sfr          000000
__Lsmallconst                             smallconst   000800
__Lspace_0                                (abs)        000000
__Lspace_1                                (abs)        000000
__Lspace_2                                (abs)        000000
__Lspace_4                                (abs)        000000
__Lstack                                  stack        000000
__Lstruct                                 struct       000000
__Ltemp                                   temp         000059
__Ltext                                   text         000000
__Ltext0                                  text0        000000
__Ltext1                                  text1        000000
__Ltext10                                 text10       000000
__Ltext11                                 text11       000000
__Ltext12                                 text12       000000
__Ltext13                                 text13       000000
__Ltext2                                  text2        000000
__Ltext3                                  text3        000000
__Ltext4                                  text4        000000
__Ltext5                                  text5        000000
__Ltext6                                  text6        000000
__Ltext7                                  text7        000000
__Ltext9                                  text9        000000
__S0                                      (abs)        001235
__S1                                      (abs)        0001A0
__S2                                      (abs)        000000
__S4                                      (abs)        000000
__S5                                      (abs)        000000
___awmod                                  text4        000E5E
___awmod@counter                          cstackCOMRAM 000045
___awmod@dividend                         cstackCOMRAM 000041
___awmod@divisor                          cstackCOMRAM 000043
___awmod@sign                             cstackCOMRAM 000046
___inthi_sp                               stack        000000
___intlo_sp                               stack        000000
___lldiv                                  text7        000FB4
___lldiv@counter                          cstackCOMRAM 00004D
___lldiv@dividend                         cstackCOMRAM 000041
___lldiv@divisor                          cstackCOMRAM 000045
___lldiv@quotient                         cstackCOMRAM 000049
___param_bank                             (abs)        000000
___rparam_used                            (abs)        000001
___sp                                     stack        000000
__accesstop                               (abs)        000060
__activetblptr                            (abs)        000002
__buck_duty                               bssBANK0     0000C3
__end_of_USART_UART_init                  text5        001206
__end_of_USART_setBaudRate                text6        0011DA
__end_of___awmod                          text4        000F0E
__end_of___lldiv                          text7        001058
__end_of__initialization                  cinit        001168
__end_of__int                             intcode_body 00097C
__end_of__rt_pos_int                      text12       000AB0
__end_of_buck_continuos_controller        text10       000FB4
__end_of_buck_start                       text11       000E5E
__end_of_main                             text0        000BE2
__end_of_open_loop_sinusoidal_control     text2        000CD2
__end_of_pwmABC                           text3        000DA8
__end_of_senThirthHarmonic                smallconst   00083D
__end_of_speed_controller                 text9        001220
__end_of_turn_off                         text1        00122E
__initialization                          cinit        0010F8
__int                                     intcode      000008
__mediumconst                             mediumconst  000000
__pbssBANK0                               bssBANK0     0000A5
__pbssCOMRAM                              bssCOMRAM    000001
__pcinit                                  cinit        0010F8
__pcstackBANK0                            cstackBANK0  000060
__pcstackCOMRAM                           cstackCOMRAM 00003B
__pdataBANK0                              dataBANK0    0000C5
__pdataBANK1                              dataBANK1    000100
__pdataCOMRAM                             dataCOMRAM   000054
__pidataBANK0                             idataBANK0   001233
__pidataBANK1                             idataBANK1   001058
__pidataCOMRAM                            idataCOMRAM  00122E
__pintcode                                intcode      000008
__pintcode_body                           intcode_body 00083E
__psmallconst                             smallconst   000800
__ptext0                                  text0        000AB0
__ptext1                                  text1        001220
__ptext10                                 text10       000F0E
__ptext11                                 text11       000DA8
__ptext12                                 text12       00097C
__ptext13                                 text13       000000
__ptext2                                  text2        000BE2
__ptext3                                  text3        000CD2
__ptext4                                  text4        000E5E
__ptext5                                  text5        0011DA
__ptext6                                  text6        001176
__ptext7                                  text7        000FB4
__ptext9                                  text9        001206
__ramtop                                  ramtop       000800
__rt_pos_int                              text12       00097C
__rt_pos_int@temp_hall_p                  bssCOMRAM    00001C
__size_of_USART_UART_init                 (abs)        000000
__size_of_USART_setBaudRate               (abs)        000000
__size_of___awmod                         (abs)        000000
__size_of___lldiv                         (abs)        000000
__size_of__int                            (abs)        000000
__size_of__rt_pos_int                     (abs)        000000
__size_of_buck_continuos_controller       (abs)        000000
__size_of_buck_start                      (abs)        000000
__size_of_main                            (abs)        000000
__size_of_open_loop_sinusoidal_control    (abs)        000000
__size_of_pwmABC                          (abs)        000000
__size_of_speed_controller                (abs)        000000
__size_of_turn_off                        (abs)        000000
__smallconst                              smallconst   000800
_angular_speed                            bssCOMRAM    000015
_bk_voltage                               bssBANK0     0000C1
_buck_continuos_controller                text10       000F0E
_buck_function                            bssBANK0     0000BF
_buck_setPoint                            dataBANK0    0000C5
_buck_start                               text11       000DA8
_d_error                                  bssCOMRAM    00001E
_driver_duty                              bssCOMRAM    000039
_elapsed_time                             bssCOMRAM    00002C
_error                                    bssCOMRAM    000022
_flag_dt                                  bssCOMRAM    000036
_hall                                     bssCOMRAM    00003A
_hall_a_p                                 bssCOMRAM    00002E
_hall_ant_t                               bssCOMRAM    000009
_hall_dt                                  dataCOMRAM   000054
_hall_p                                   bssCOMRAM    000030
_hall_rotor_pos                           bssCOMRAM    000026
_lastError                                bssCOMRAM    000020
_main                                     text0        000AB0
_open_loop_sinusoidal_control             text2        000BE2
_p_err                                    bssCOMRAM    000028
_pwmABC                                   text3        000CD2
_pwmSin48                                 dataBANK1    000100
_rotor_ant_t                              bssCOMRAM    000005
_rotor_dir                                bssCOMRAM    000037
_rotor_pos                                bssCOMRAM    00002A
_rotor_real_pos                           bssCOMRAM    000024
_senThirthHarmonic                        smallconst   000801
_speed                                    bssCOMRAM    000038
_speed_controller                         text9        001206
_stepA                                    bssCOMRAM    000035
_stepB                                    dataCOMRAM   000058
_stepC                                    dataCOMRAM   000057
_time_ms                                  bssCOMRAM    00000D
_time_us                                  bssCOMRAM    000011
_turn_off                                 text1        001220
btemp                                     temp         000059
end_of_initialization                     cinit        001168
int$flags                                 temp         000059
int_func                                  intcode_body 00083E
intlevel0                                 text         000000
intlevel1                                 text         000000
intlevel2                                 text         000000
intlevel3                                 text         000000
main@F3603                                dataBANK1    000160
main@text                                 cstackBANK0  000065
open_loop_sinusoidal_control@counterZ     bssCOMRAM    000018
open_loop_sinusoidal_control@stator_angle bssCOMRAM    000034
pwmABC@A                                  cstackCOMRAM 000043
pwmABC@B                                  cstackCOMRAM 000041
pwmABC@C                                  cstackCOMRAM 000042
speed_measure@counter                     bssCOMRAM    000032
speed_measure@last_hall                   bssCOMRAM    000033
speed_measure@last_time                   bssCOMRAM    000001
stackhi                                   (abs)        0007FF
stacklo                                   (abs)        0001A0
start                                     init         00000E
start_initialization                      cinit        0010F8
trapzoidal_control@trap_duty              bssCOMRAM    00001A
ttemp5                                    temp         00005A
ttemp6                                    temp         00005D
ttemp7                                    temp         000061
wtemp8                                    temp         00005A


FUNCTION INFORMATION:

 *************** function _main *****************
 Defined at:
		line 635 in file "newmain.c"
 Parameters:    Size  Location     Type
		None
 Auto vars:     Size  Location     Type
  text           64    5[BANK0 ] unsigned char [64]
  count           2    0        unsigned short 
  last_hal2       1    0        unsigned char 
  last_hal1       1    0        unsigned char 
  last_hal        1    0        unsigned char 
  hals            1    0        unsigned char 
 Return value:  Size  Location     Type
                  1    wreg      void 
 Registers used:
		wreg, fsr1l, fsr1h, fsr2l, fsr2h, status,2, status,0, prodl, prodh, cstack
 Tracked objects:
		On entry : 
		On exit  : 
		Unchanged: 
 Data sizes:     COMRAM   BANK0   BANK1   BANK2   BANK3   BANK4   BANK5   BANK6   BANK7
      Params:         0       0       0       0       0       0       0       0       0
      Locals:         0      69       0       0       0       0       0       0       0
      Temps:          2       0       0       0       0       0       0       0       0
      Totals:         2      69       0       0       0       0       0       0       0
Total ram usage:       71 bytes
 Hardware stack levels required when called:    5
 This function calls:
		_USART_UART_init
		_open_loop_sinusoidal_control
		_turn_off
 This function is called by:
		Startup code after reset
 This function uses a non-reentrant model


 *************** function _turn_off *****************
 Defined at:
		line 178 in file "newmain.c"
 Parameters:    Size  Location     Type
		None
 Auto vars:     Size  Location     Type
		None
 Return value:  Size  Location     Type
                  1    wreg      void 
 Registers used:
		None
 Tracked objects:
		On entry : 
		On exit  : 
		Unchanged: 
 Data sizes:     COMRAM   BANK0   BANK1   BANK2   BANK3   BANK4   BANK5   BANK6   BANK7
      Params:         0       0       0       0       0       0       0       0       0
      Locals:         0       0       0       0       0       0       0       0       0
      Temps:          0       0       0       0       0       0       0       0       0
      Totals:         0       0       0       0       0       0       0       0       0
Total ram usage:        0 bytes
 Hardware stack levels used:    1
 Hardware stack levels required when called:    2
 This function calls:
		Nothing
 This function is called by:
		_main
 This function uses a non-reentrant model


 *************** function _open_loop_sinusoidal_control *****************
 Defined at:
		line 552 in file "newmain.c"
 Parameters:    Size  Location     Type
		None
 Auto vars:     Size  Location     Type
		None
 Return value:  Size  Location     Type
                  1    wreg      void 
 Registers used:
		wreg, fsr2l, fsr2h, status,2, status,0, prodl, prodh, cstack
 Tracked objects:
		On entry : 
		On exit  : 
		Unchanged: 
 Data sizes:     COMRAM   BANK0   BANK1   BANK2   BANK3   BANK4   BANK5   BANK6   BANK7
      Params:         0       0       0       0       0       0       0       0       0
      Locals:         0       0       0       0       0       0       0       0       0
      Temps:          6       0       0       0       0       0       0       0       0
      Totals:         6       0       0       0       0       0       0       0       0
Total ram usage:        6 bytes
 Hardware stack levels used:    1
 Hardware stack levels required when called:    3
 This function calls:
		___awmod
		_pwmABC
 This function is called by:
		_main
 This function uses a non-reentrant model


 *************** function _pwmABC *****************
 Defined at:
		line 267 in file "newmain.c"
 Parameters:    Size  Location     Type
  A               1    wreg     const unsigned char 
  B               1    6[COMRAM] const unsigned char 
  C               1    7[COMRAM] const unsigned char 
 Auto vars:     Size  Location     Type
  A               1    8[COMRAM] const unsigned char 
 Return value:  Size  Location     Type
                  1    wreg      void 
 Registers used:
		wreg, status,2, status,0
 Tracked objects:
		On entry : 
		On exit  : 
		Unchanged: 
 Data sizes:     COMRAM   BANK0   BANK1   BANK2   BANK3   BANK4   BANK5   BANK6   BANK7
      Params:         2       0       0       0       0       0       0       0       0
      Locals:         1       0       0       0       0       0       0       0       0
      Temps:          0       0       0       0       0       0       0       0       0
      Totals:         3       0       0       0       0       0       0       0       0
Total ram usage:        3 bytes
 Hardware stack levels used:    1
 Hardware stack levels required when called:    2
 This function calls:
		Nothing
 This function is called by:
		_open_loop_sinusoidal_control
 This function uses a non-reentrant model


 *************** function ___awmod *****************
 Defined at:
		line 7 in file "C:\Program Files\Microchip\xc8\v2.30\pic\sources\c99\common\awmod.c"
 Parameters:    Size  Location     Type
  dividend        2    6[COMRAM] int 
  divisor         2    8[COMRAM] int 
 Auto vars:     Size  Location     Type
  sign            1   11[COMRAM] unsigned char 
  counter         1   10[COMRAM] unsigned char 
 Return value:  Size  Location     Type
                  2    6[COMRAM] int 
 Registers used:
		wreg, status,2, status,0
 Tracked objects:
		On entry : 
		On exit  : 
		Unchanged: 
 Data sizes:     COMRAM   BANK0   BANK1   BANK2   BANK3   BANK4   BANK5   BANK6   BANK7
      Params:         4       0       0       0       0       0       0       0       0
      Locals:         2       0       0       0       0       0       0       0       0
      Temps:          0       0       0       0       0       0       0       0       0
      Totals:         6       0       0       0       0       0       0       0       0
Total ram usage:        6 bytes
 Hardware stack levels used:    1
 Hardware stack levels required when called:    2
 This function calls:
		Nothing
 This function is called by:
		_open_loop_sinusoidal_control
 This function uses a non-reentrant model


 *************** function _USART_UART_init *****************
 Defined at:
		line 28 in file "./USART.h"
 Parameters:    Size  Location     Type
  rate            4    0[BANK0 ] const unsigned long 
  fastMode        1    4[BANK0 ] unsigned char 
 Auto vars:     Size  Location     Type
		None
 Return value:  Size  Location     Type
                  1    wreg      void 
 Registers used:
		wreg, status,2, status,0, cstack
 Tracked objects:
		On entry : 
		On exit  : 
		Unchanged: 
 Data sizes:     COMRAM   BANK0   BANK1   BANK2   BANK3   BANK4   BANK5   BANK6   BANK7
      Params:         0       5       0       0       0       0       0       0       0
      Locals:         0       0       0       0       0       0       0       0       0
      Temps:          0       0       0       0       0       0       0       0       0
      Totals:         0       5       0       0       0       0       0       0       0
Total ram usage:        5 bytes
 Hardware stack levels used:    1
 Hardware stack levels required when called:    4
 This function calls:
		_USART_setBaudRate
 This function is called by:
		_main
 This function uses a non-reentrant model


 *************** function _USART_setBaudRate *****************
 Defined at:
		line 20 in file "./USART.h"
 Parameters:    Size  Location     Type
  rate            4   19[COMRAM] const unsigned long 
 Auto vars:     Size  Location     Type
		None
 Return value:  Size  Location     Type
                  1    wreg      void 
 Registers used:
		wreg, status,2, status,0, cstack
 Tracked objects:
		On entry : 
		On exit  : 
		Unchanged: 
 Data sizes:     COMRAM   BANK0   BANK1   BANK2   BANK3   BANK4   BANK5   BANK6   BANK7
      Params:         4       0       0       0       0       0       0       0       0
      Locals:         0       0       0       0       0       0       0       0       0
      Temps:          0       0       0       0       0       0       0       0       0
      Totals:         4       0       0       0       0       0       0       0       0
Total ram usage:        4 bytes
 Hardware stack levels used:    1
 Hardware stack levels required when called:    3
 This function calls:
		___lldiv
 This function is called by:
		_USART_UART_init
 This function uses a non-reentrant model


 *************** function ___lldiv *****************
 Defined at:
		line 7 in file "C:\Program Files\Microchip\xc8\v2.30\pic\sources\c99\common\__lldiv.c"
 Parameters:    Size  Location     Type
  dividend        4    6[COMRAM] unsigned long 
  divisor         4   10[COMRAM] unsigned long 
 Auto vars:     Size  Location     Type
  quotient        4   14[COMRAM] unsigned long 
  counter         1   18[COMRAM] unsigned char 
 Return value:  Size  Location     Type
                  4    6[COMRAM] unsigned long 
 Registers used:
		wreg, status,2, status,0
 Tracked objects:
		On entry : 
		On exit  : 
		Unchanged: 
 Data sizes:     COMRAM   BANK0   BANK1   BANK2   BANK3   BANK4   BANK5   BANK6   BANK7
      Params:         8       0       0       0       0       0       0       0       0
      Locals:         5       0       0       0       0       0       0       0       0
      Temps:          0       0       0       0       0       0       0       0       0
      Totals:        13       0       0       0       0       0       0       0       0
Total ram usage:       13 bytes
 Hardware stack levels used:    1
 Hardware stack levels required when called:    2
 This function calls:
		Nothing
 This function is called by:
		_USART_setBaudRate
		_speed_measure
 This function uses a non-reentrant model


 *************** function __int *****************
 Defined at:
		line 129 in file "newmain.c"
 Parameters:    Size  Location     Type
		None
 Auto vars:     Size  Location     Type
		None
 Return value:  Size  Location     Type
                  1    wreg      void 
 Registers used:
		wreg, status,2, status,0, pclath, tosl, cstack
 Tracked objects:
		On entry : 
		On exit  : 
		Unchanged: 
 Data sizes:     COMRAM   BANK0   BANK1   BANK2   BANK3   BANK4   BANK5   BANK6   BANK7
      Params:         0       0       0       0       0       0       0       0       0
      Locals:         0       0       0       0       0       0       0       0       0
      Temps:          4       0       0       0       0       0       0       0       0
      Totals:         4       0       0       0       0       0       0       0       0
Total ram usage:        4 bytes
 Hardware stack levels used:    1
 Hardware stack levels required when called:    1
 This function calls:
		Absolute function
		__rt_pos_int
		_buck_continuos_controller
		_buck_start
		_speed_controller
 This function is called by:
		Interrupt level 2
 This function uses a non-reentrant model


 *************** function _speed_controller *****************
 Defined at:
		line 124 in file "newmain.c"
 Parameters:    Size  Location     Type
		None
 Auto vars:     Size  Location     Type
		None
 Return value:  Size  Location     Type
                  1    wreg      void 
 Registers used:
		wreg, status,2, status,0
 Tracked objects:
		On entry : 
		On exit  : 
		Unchanged: 
 Data sizes:     COMRAM   BANK0   BANK1   BANK2   BANK3   BANK4   BANK5   BANK6   BANK7
      Params:         0       0       0       0       0       0       0       0       0
      Locals:         0       0       0       0       0       0       0       0       0
      Temps:          2       0       0       0       0       0       0       0       0
      Totals:         2       0       0       0       0       0       0       0       0
Total ram usage:        2 bytes
 Hardware stack levels used:    1
 This function calls:
		Nothing
 This function is called by:
		__int
 This function uses a non-reentrant model


 *************** function _buck_continuos_controller *****************
 Defined at:
		line 112 in file "newmain.c"
 Parameters:    Size  Location     Type
		None
 Auto vars:     Size  Location     Type
		None
 Return value:  Size  Location     Type
                  1    wreg      void 
 Registers used:
		wreg, status,2, status,0
 Tracked objects:
		On entry : 
		On exit  : 
		Unchanged: 
 Data sizes:     COMRAM   BANK0   BANK1   BANK2   BANK3   BANK4   BANK5   BANK6   BANK7
      Params:         0       0       0       0       0       0       0       0       0
      Locals:         0       0       0       0       0       0       0       0       0
      Temps:          2       0       0       0       0       0       0       0       0
      Totals:         2       0       0       0       0       0       0       0       0
Total ram usage:        2 bytes
 Hardware stack levels used:    1
 This function calls:
		Nothing
 This function is called by:
		_main
		__int
 This function uses a non-reentrant model


 *************** function _buck_start *****************
 Defined at:
		line 100 in file "newmain.c"
 Parameters:    Size  Location     Type
		None
 Auto vars:     Size  Location     Type
		None
 Return value:  Size  Location     Type
                  1    wreg      void 
 Registers used:
		wreg, status,2, status,0
 Tracked objects:
		On entry : 
		On exit  : 
		Unchanged: 
 Data sizes:     COMRAM   BANK0   BANK1   BANK2   BANK3   BANK4   BANK5   BANK6   BANK7
      Params:         0       0       0       0       0       0       0       0       0
      Locals:         0       0       0       0       0       0       0       0       0
      Temps:          2       0       0       0       0       0       0       0       0
      Totals:         2       0       0       0       0       0       0       0       0
Total ram usage:        2 bytes
 Hardware stack levels used:    1
 This function calls:
		Nothing
 This function is called by:
		_main
		__int
 This function uses a non-reentrant model


 *************** function __rt_pos_int *****************
 Defined at:
		line 60 in file "newmain.c"
 Parameters:    Size  Location     Type
		None
 Auto vars:     Size  Location     Type
		None
 Return value:  Size  Location     Type
                  1    wreg      void 
 Registers used:
		wreg, status,2, status,0
 Tracked objects:
		On entry : 
		On exit  : 
		Unchanged: 
 Data sizes:     COMRAM   BANK0   BANK1   BANK2   BANK3   BANK4   BANK5   BANK6   BANK7
      Params:         0       0       0       0       0       0       0       0       0
      Locals:         0       0       0       0       0       0       0       0       0
      Temps:          1       0       0       0       0       0       0       0       0
      Totals:         1       0       0       0       0       0       0       0       0
Total ram usage:        1 bytes
 Hardware stack levels used:    1
 This function calls:
		Nothing
 This function is called by:
		__int
 This function uses a non-reentrant model



MODULE INFORMATION

Module		Function		Class		Link	Load	Size
C:\Program Files\Microchip\xc8\v2.30\pic\sources\c99\common\__lldiv.c
		___lldiv       		CODE           	0FB4	0000	164

C:\Program Files\Microchip\xc8\v2.30\pic\sources\c99\common\__lldiv.c estimated size: 164

C:\Program Files\Microchip\xc8\v2.30\pic\sources\c99\common\awmod.c
		___awmod       		CODE           	0E5E	0000	176

C:\Program Files\Microchip\xc8\v2.30\pic\sources\c99\common\awmod.c estimated size: 176

newmain.c
		__int          		CODE           	0008	0000	324
		_open_loop_sinusoidal_control		CODE           	0BE2	0000	240
		__rt_pos_int   		CODE           	097C	0000	308
		_main          		CODE           	0AB0	0000	306
		_pwmABC        		CODE           	0CD2	0000	214
		_buck_start    		CODE           	0DA8	0000	182
		_buck_continuos_controller		CODE           	0F0E	0000	166
		_turn_off      		CODE           	1220	0000	14
		_speed_controller		CODE           	1206	0000	26

newmain.c estimated size: 1780

./USART.h
		_USART_setBaudRate		CODE           	1176	0000	100
		_USART_UART_init		CODE           	11DA	0000	44

./USART.h estimated size: 144

shared
		_senThirthHarmonic		SMALLCONST     	0801	0000	60
		__initialization		CODE           	10F8	0000	112

shared estimated size: 172

